// Jest Snapshot v1, https://goo.gl/fbAQLP

exports[`Index when Get Component service endpoint returns a component when the component has no software repositories renders no software repositories 1`] = `
<div
  class="m-3"
>
  <h1
    class="text-info my-3"
  >
    Test Component Name 1 - Software Repositories
  </h1>
   
  <div
    class="my-3"
  >
    <a
      class="btn my-1 btn-secondary"
      href="/components/test-component-id-1"
      target="_self"
    >
      Info
    </a>
     
    <a
      class="btn my-1 btn-secondary"
      href="/components/test-component-id-1/dependencies"
      target="_self"
    >
      
    Visualizations
  
    </a>
     
    <a
      class="btn my-1 btn-secondary"
      href="/components/test-component-id-1/response-times"
      target="_self"
    >
      
    Response Times
  
    </a>
     
    <a
      class="btn my-1 btn-secondary"
      href="/components/test-component-id-1/downstream-response-times"
      target="_self"
    >
      
    Downstream Response Times
  
    </a>
     
    <a
      class="btn my-1 btn-secondary"
      href="/components/test-component-id-1/call-graphs"
      target="_self"
    >
      
    Call Graphs
  
    </a>
     
    <a
      class="btn my-1 btn-secondary"
      href="/components/test-component-id-1/cross-functional-requirements"
      target="_self"
    >
      
    Cross Functional Requirements
  
    </a>
     
    <a
      class="btn my-1 btn-secondary"
      href="/components/test-component-id-1/tech-debts"
      target="_self"
    >
      
    Tech Debts
  
    </a>
     
    <a
      class="btn my-1 btn-secondary"
      href="/components/test-component-id-1/errors"
      target="_self"
    >
      
    Errors
  
    </a>
     
    <!---->
     
    <!---->
     
    <!---->
     
    <!---->
     
    <!---->
     
    <a
      class="btn my-1 btn-secondary"
      href="/components/test-component-id-1/lines-of-code"
      target="_self"
    >
      
    Lines of Code
  
    </a>
     
    <!---->
     
    <!---->
     
    <!---->
     
    <a
      class="btn my-1 btn-secondary"
      href="/components/test-component-id-1/tests"
      target="_self"
    >
      
    Tests
  
    </a>
  </div>
   
  <div
    class="card my-3"
  >
    <!---->
    <!---->
    <div
      class="card-body"
    >
      <h4
        class="card-title"
      >
        Total Software Repositories
      </h4>
      <!---->
      <div
        class="list-group"
      >
        <div
          class="list-group-item list-group-item-success"
        >
          <span
            class="display-1"
          >
            <span>
              0
            </span>
          </span>
          
        software repositories
      
        </div>
      </div>
    </div>
    <!---->
    <!---->
  </div>
   
  <div
    class="card"
  >
    <!---->
    <!---->
    <div
      class="card-body"
    >
      <h4
        class="card-title"
      >
        Software Repositories
      </h4>
      <!---->
      <table
        class="table table-dark table-bordered table-striped mt-2"
        style="width: 100%;"
      >
        <thead>
          <tr>
            <th>
              Scanner
            </th>
             
            <th>
              Type
            </th>
             
            <th>
              URL
            </th>
             
            <th>
              Safe
            </th>
             
            <th>
              Scope
            </th>
          </tr>
        </thead>
         
        <tbody />
      </table>
    </div>
    <!---->
    <!---->
  </div>
</div>
`;

exports[`Index when Get Component service endpoint returns a component when the component has software repositories renders the details of the software repositories 1`] = `
<div
  class="m-3"
>
  <h1
    class="text-info my-3"
  >
    Test Component Name 1 - Software Repositories
  </h1>
   
  <div
    class="my-3"
  >
    <a
      class="btn my-1 btn-secondary"
      href="/components/test-component-id-1"
      target="_self"
    >
      Info
    </a>
     
    <a
      class="btn my-1 btn-secondary"
      href="/components/test-component-id-1/dependencies"
      target="_self"
    >
      
    Visualizations
  
    </a>
     
    <a
      class="btn my-1 btn-secondary"
      href="/components/test-component-id-1/response-times"
      target="_self"
    >
      
    Response Times
  
    </a>
     
    <a
      class="btn my-1 btn-secondary"
      href="/components/test-component-id-1/downstream-response-times"
      target="_self"
    >
      
    Downstream Response Times
  
    </a>
     
    <a
      class="btn my-1 btn-secondary"
      href="/components/test-component-id-1/call-graphs"
      target="_self"
    >
      
    Call Graphs
  
    </a>
     
    <a
      class="btn my-1 btn-secondary"
      href="/components/test-component-id-1/cross-functional-requirements"
      target="_self"
    >
      
    Cross Functional Requirements
  
    </a>
     
    <a
      class="btn my-1 btn-secondary"
      href="/components/test-component-id-1/tech-debts"
      target="_self"
    >
      
    Tech Debts
  
    </a>
     
    <a
      class="btn my-1 btn-secondary"
      href="/components/test-component-id-1/errors"
      target="_self"
    >
      
    Errors
  
    </a>
     
    <!---->
     
    <!---->
     
    <!---->
     
    <!---->
     
    <!---->
     
    <a
      class="btn my-1 btn-secondary"
      href="/components/test-component-id-1/lines-of-code"
      target="_self"
    >
      
    Lines of Code
  
    </a>
     
    <!---->
     
    <!---->
     
    <!---->
     
    <a
      class="btn my-1 btn-secondary"
      href="/components/test-component-id-1/tests"
      target="_self"
    >
      
    Tests
  
    </a>
  </div>
   
  <div
    class="card my-3"
  >
    <!---->
    <!---->
    <div
      class="card-body"
    >
      <h4
        class="card-title"
      >
        Total Software Repositories
      </h4>
      <!---->
      <div
        class="list-group"
      >
        <div
          class="list-group-item list-group-item-success"
        >
          <span
            class="display-1"
          >
            <span>
              0
            </span>
          </span>
          
        software repositories
      
        </div>
      </div>
    </div>
    <!---->
    <!---->
  </div>
   
  <div
    class="card"
  >
    <!---->
    <!---->
    <div
      class="card-body"
    >
      <h4
        class="card-title"
      >
        Software Repositories
      </h4>
      <!---->
      <table
        class="table table-dark table-bordered table-striped mt-2"
        style="width: 100%;"
      >
        <thead>
          <tr>
            <th>
              Scanner
            </th>
             
            <th>
              Type
            </th>
             
            <th>
              URL
            </th>
             
            <th>
              Safe
            </th>
             
            <th>
              Scope
            </th>
          </tr>
        </thead>
         
        <tbody />
      </table>
    </div>
    <!---->
    <!---->
  </div>
</div>
`;
