// Jest Snapshot v1, https://goo.gl/fbAQLP

exports[`Index when Get Components service endpoint returns an array of multiple components renders the test results, including test failure counts 1`] = `
<div
  class="m-3"
>
  <div
    class="my-3"
  >
    <a
      class="btn my-1 btn-secondary"
      href="/components"
      target="_self"
    >
       Components 
    </a>
     
    <a
      class="btn btn-secondary"
      href="/all-components/tests?testOutcome=fail"
      target="_self"
    >
       Tests 
    </a>
     
    <a
      class="btn my-1 btn-secondary"
      href="/all-components/cross-functional-requirements"
      target="_self"
    >
      
    Cross Functional Requirements
  
    </a>
     
    <a
      class="btn my-1 btn-secondary"
      href="/all-components/tech-debts"
      target="_self"
    >
      
    Tech Debts
  
    </a>
     
    <a
      class="btn my-1 btn-secondary"
      href="/all-components/key-software"
      target="_self"
    >
      
    Key Software
  
    </a>
     
    <a
      class="btn my-1 btn-secondary"
      href="/all-components/repos"
      target="_self"
    >
       Repos 
    </a>
     
    <a
      class="btn my-1 btn-secondary"
      href="/all-components/errors"
      target="_self"
    >
       Errors 
    </a>
  </div>
   
  <div>
    <div
      class="card my-3"
    >
      <!---->
      <!---->
      <div
        class="list-group"
      >
        <!---->
         
        <div
          class="list-group-item list-group-item-danger fail-count"
        >
          <span
            class="display-1"
          >
            
          2
        
          </span>
           
          <b>
            failing
          </b>
           tests
      
        </div>
        <div
          class="list-group-item list-group-item-light not-applicable-count"
        >
          <span
            class="display-4"
          >
            
          2
        
          </span>
           
          <b>
            not applicable
          </b>
           tests
      
        </div>
      </div>
      <!---->
      <!---->
    </div>
     
    <div
      class="mt-3 mb-4"
      components="[object Object],[object Object],[object Object]"
    >
       
      <button
        aria-controls="filters"
        aria-expanded="false"
        class="btn btn-primary collapsed"
        id="toggleFilters"
        type="button"
      >
        <svg
          aria-hidden="true"
          aria-label="blank"
          class="bi-blank b-icon bi"
          fill="currentColor"
          focusable="false"
          height="1em"
          role="img"
          viewBox="0 0 16 16"
          width="1em"
          xmlns="http://www.w3.org/2000/svg"
        >
          <g />
        </svg>
         Filters
  
      </button>
       
      <transition-stub
        class="mt-3"
        css="true"
        enteractiveclass="collapsing"
        enterclass=""
        entertoclass="collapse show"
        leaveactiveclass="collapsing"
        leaveclass="collapse show"
        leavetoclass="collapse"
      >
        <div
          class="collapse"
          id="filters"
          style="display: none;"
        >
          <div
            class="card-columns"
          >
             
            <!---->
             
            <!---->
             
            <!---->
             
            <div
              class="card bg-secondary"
            >
              <!---->
              <!---->
              <div
                class="card-body p-2"
              >
                <!---->
                <!---->
                <fieldset
                  class="form-group"
                  id="__BVID__48"
                >
                  <legend
                    class="bv-no-focus-ring col-form-label pt-0"
                    id="__BVID__48__BV_label_"
                    tabindex="-1"
                  >
                    Teams
                  </legend>
                  <div>
                    <div
                      class="bv-no-focus-ring"
                      id="__BVID__49"
                      role="group"
                      tabindex="-1"
                    >
                      <div
                        class="custom-control custom-checkbox"
                      >
                        <input
                          class="custom-control-input"
                          id="__BVID__49_BV_option_0"
                          name="team"
                          type="checkbox"
                          value="test-team-id-1-1"
                        />
                        <label
                          class="custom-control-label"
                          for="__BVID__49_BV_option_0"
                        >
                          <span>
                            test-team-id-1-1
                          </span>
                        </label>
                      </div>
                      <div
                        class="custom-control custom-checkbox"
                      >
                        <input
                          class="custom-control-input"
                          id="__BVID__49_BV_option_1"
                          name="team"
                          type="checkbox"
                          value="test-team-id-1-2"
                        />
                        <label
                          class="custom-control-label"
                          for="__BVID__49_BV_option_1"
                        >
                          <span>
                            test-team-id-1-2
                          </span>
                        </label>
                      </div>
                      <div
                        class="custom-control custom-checkbox"
                      >
                        <input
                          class="custom-control-input"
                          id="__BVID__49_BV_option_2"
                          name="team"
                          type="checkbox"
                          value="test-team-id-2-1"
                        />
                        <label
                          class="custom-control-label"
                          for="__BVID__49_BV_option_2"
                        >
                          <span>
                            test-team-id-2-1
                          </span>
                        </label>
                      </div>
                      <div
                        class="custom-control custom-checkbox"
                      >
                        <input
                          class="custom-control-input"
                          id="__BVID__49_BV_option_3"
                          name="team"
                          type="checkbox"
                          value="test-team-id-2-2"
                        />
                        <label
                          class="custom-control-label"
                          for="__BVID__49_BV_option_3"
                        >
                          <span>
                            test-team-id-2-2
                          </span>
                        </label>
                      </div>
                      <div
                        class="custom-control custom-checkbox"
                      >
                        <input
                          class="custom-control-input"
                          id="__BVID__49_BV_option_4"
                          name="team"
                          type="checkbox"
                          value="test-team-id-3-1"
                        />
                        <label
                          class="custom-control-label"
                          for="__BVID__49_BV_option_4"
                        >
                          <span>
                            test-team-id-3-1
                          </span>
                        </label>
                      </div>
                      <div
                        class="custom-control custom-checkbox"
                      >
                        <input
                          class="custom-control-input"
                          id="__BVID__49_BV_option_5"
                          name="team"
                          type="checkbox"
                          value="test-team-id-3-2"
                        />
                        <label
                          class="custom-control-label"
                          for="__BVID__49_BV_option_5"
                        >
                          <span>
                            test-team-id-3-2
                          </span>
                        </label>
                      </div>
                    </div>
                    <!---->
                    <!---->
                    <!---->
                  </div>
                </fieldset>
              </div>
              <!---->
              <!---->
            </div>
             
            <div
              class="card bg-secondary"
            >
              <!---->
              <!---->
              <div
                class="card-body p-2"
              >
                <!---->
                <!---->
                <fieldset
                  class="form-group"
                  id="__BVID__56"
                >
                  <legend
                    class="bv-no-focus-ring col-form-label pt-0"
                    id="__BVID__56__BV_label_"
                    tabindex="-1"
                  >
                    Tags
                  </legend>
                  <div>
                    <div
                      class="bv-no-focus-ring"
                      id="__BVID__57"
                      role="group"
                      tabindex="-1"
                    >
                      <div
                        class="custom-control custom-checkbox"
                      >
                        <input
                          class="custom-control-input"
                          id="__BVID__57_BV_option_0"
                          name="tag"
                          type="checkbox"
                          value="test-tag-1-1"
                        />
                        <label
                          class="custom-control-label"
                          for="__BVID__57_BV_option_0"
                        >
                          <span>
                            test-tag-1-1
                          </span>
                        </label>
                      </div>
                      <div
                        class="custom-control custom-checkbox"
                      >
                        <input
                          class="custom-control-input"
                          id="__BVID__57_BV_option_1"
                          name="tag"
                          type="checkbox"
                          value="test-tag-1-2"
                        />
                        <label
                          class="custom-control-label"
                          for="__BVID__57_BV_option_1"
                        >
                          <span>
                            test-tag-1-2
                          </span>
                        </label>
                      </div>
                      <div
                        class="custom-control custom-checkbox"
                      >
                        <input
                          class="custom-control-input"
                          id="__BVID__57_BV_option_2"
                          name="tag"
                          type="checkbox"
                          value="test-tag-2-1"
                        />
                        <label
                          class="custom-control-label"
                          for="__BVID__57_BV_option_2"
                        >
                          <span>
                            test-tag-2-1
                          </span>
                        </label>
                      </div>
                      <div
                        class="custom-control custom-checkbox"
                      >
                        <input
                          class="custom-control-input"
                          id="__BVID__57_BV_option_3"
                          name="tag"
                          type="checkbox"
                          value="test-tag-2-2"
                        />
                        <label
                          class="custom-control-label"
                          for="__BVID__57_BV_option_3"
                        >
                          <span>
                            test-tag-2-2
                          </span>
                        </label>
                      </div>
                      <div
                        class="custom-control custom-checkbox"
                      >
                        <input
                          class="custom-control-input"
                          id="__BVID__57_BV_option_4"
                          name="tag"
                          type="checkbox"
                          value="test-tag-3-1"
                        />
                        <label
                          class="custom-control-label"
                          for="__BVID__57_BV_option_4"
                        >
                          <span>
                            test-tag-3-1
                          </span>
                        </label>
                      </div>
                      <div
                        class="custom-control custom-checkbox"
                      >
                        <input
                          class="custom-control-input"
                          id="__BVID__57_BV_option_5"
                          name="tag"
                          type="checkbox"
                          value="test-tag-3-2"
                        />
                        <label
                          class="custom-control-label"
                          for="__BVID__57_BV_option_5"
                        >
                          <span>
                            test-tag-3-2
                          </span>
                        </label>
                      </div>
                    </div>
                    <!---->
                    <!---->
                    <!---->
                  </div>
                </fieldset>
              </div>
              <!---->
              <!---->
            </div>
             
            <div
              class="card bg-secondary"
            >
              <!---->
              <!---->
              <div
                class="card-body p-2"
              >
                <!---->
                <!---->
                <fieldset
                  class="form-group"
                  id="__BVID__64"
                >
                  <legend
                    class="bv-no-focus-ring col-form-label pt-0"
                    id="__BVID__64__BV_label_"
                    tabindex="-1"
                  >
                    Component Types
                  </legend>
                  <div>
                    <div
                      class="bv-no-focus-ring"
                      id="__BVID__65"
                      role="group"
                      tabindex="-1"
                    >
                      <div
                        class="custom-control custom-checkbox"
                      >
                        <input
                          class="custom-control-input"
                          id="__BVID__65_BV_option_0"
                          name="componentType"
                          type="checkbox"
                          value="test-component-type-id-1"
                        />
                        <label
                          class="custom-control-label"
                          for="__BVID__65_BV_option_0"
                        >
                          <span>
                            test-component-type-id-1
                          </span>
                        </label>
                      </div>
                      <div
                        class="custom-control custom-checkbox"
                      >
                        <input
                          class="custom-control-input"
                          id="__BVID__65_BV_option_1"
                          name="componentType"
                          type="checkbox"
                          value="test-component-type-id-2"
                        />
                        <label
                          class="custom-control-label"
                          for="__BVID__65_BV_option_1"
                        >
                          <span>
                            test-component-type-id-2
                          </span>
                        </label>
                      </div>
                      <div
                        class="custom-control custom-checkbox"
                      >
                        <input
                          class="custom-control-input"
                          id="__BVID__65_BV_option_2"
                          name="componentType"
                          type="checkbox"
                          value="test-component-type-id-3"
                        />
                        <label
                          class="custom-control-label"
                          for="__BVID__65_BV_option_2"
                        >
                          <span>
                            test-component-type-id-3
                          </span>
                        </label>
                      </div>
                    </div>
                    <!---->
                    <!---->
                    <!---->
                  </div>
                </fieldset>
              </div>
              <!---->
              <!---->
            </div>
             
            <div
              class="card bg-secondary"
            >
              <!---->
              <!---->
              <div
                class="card-body p-2"
              >
                <!---->
                <!---->
                <fieldset
                  class="form-group"
                  id="__BVID__69"
                >
                  <legend
                    class="bv-no-focus-ring col-form-label pt-0"
                    id="__BVID__69__BV_label_"
                    tabindex="-1"
                  >
                    Platforms
                  </legend>
                  <div>
                    <div
                      class="bv-no-focus-ring"
                      id="__BVID__70"
                      role="group"
                      tabindex="-1"
                    >
                      <div
                        class="custom-control custom-checkbox"
                      >
                        <input
                          class="custom-control-input"
                          id="__BVID__70_BV_option_0"
                          name="platformId"
                          type="checkbox"
                          value="undefined"
                        />
                        <label
                          class="custom-control-label"
                          for="__BVID__70_BV_option_0"
                        >
                          <span>
                            undefined
                          </span>
                        </label>
                      </div>
                    </div>
                    <!---->
                    <!---->
                    <!---->
                  </div>
                </fieldset>
              </div>
              <!---->
              <!---->
            </div>
             
            <div
              class="card bg-secondary"
            >
              <!---->
              <!---->
              <div
                class="card-body p-2"
              >
                <!---->
                <!---->
                <div
                  class="form-group"
                  id="__BVID__72"
                  role="group"
                >
                  <label
                    class="d-block"
                    for="component-filter"
                    id="__BVID__72__BV_label_"
                  >
                    Component
                  </label>
                  <div>
                    <select
                      class="custom-select custom-select-sm"
                      id="component-filter"
                    >
                      <option
                        value=""
                      >
                        Please select a component
                      </option>
                      <option
                        value="test-component-id-1"
                      >
                        test-component-id-1
                      </option>
                      <option
                        value="test-component-id-2"
                      >
                        test-component-id-2
                      </option>
                      <option
                        value="test-component-id-3"
                      >
                        test-component-id-3
                      </option>
                    </select>
                    <!---->
                    <!---->
                    <!---->
                  </div>
                </div>
              </div>
              <!---->
              <!---->
            </div>
          </div>
        </div>
      </transition-stub>
    </div>
     
    <div
      class="card my-3"
    >
      <!---->
      <!---->
      <div
        class="card-body"
      >
        <h4
          class="card-title"
        >
          4 Test Results
        </h4>
        <!---->
        <table
          class="table table-dark"
        >
          <thead>
            <tr>
              <th>
                Component
              </th>
               
              <th>
                Test
              </th>
               
              <th>
                Teams
              </th>
               
              <th>
                Priority
              </th>
               
              <th>
                Outcome
              </th>
               
              <th>
                Message
              </th>
            </tr>
          </thead>
           
          <tbody>
            <tr>
              <td
                class="test-id"
              >
                <a
                  href="/tests/test-test-id-1-1"
                >
                  test-test-id-1-1
                </a>
              </td>
               
              <td
                class="test-component table-primary"
              >
                <a
                  href="/components/test-component-id-1"
                >
                  Test Component Name 1
                </a>
              </td>
               
              <td>
                <ul>
                  <li>
                    <a
                      class="team-name"
                      href="/teams/test-team-id-1-1"
                    >
                      test-team-id-1-1
                    </a>
                     
                    <!---->
                     
                    <!---->
                  </li>
                  <li>
                    <a
                      class="team-name"
                      href="/teams/test-team-id-1-2"
                    >
                      test-team-id-1-2
                    </a>
                     
                    <!---->
                     
                    <!---->
                  </li>
                </ul>
              </td>
               
              <td
                class="test-priority"
              >
                <span
                  class="badge badge-info"
                >
                  
          Medium
        
                </span>
              </td>
               
              <td
                class="test-outcome table-danger"
              >
                
        failing
      
              </td>
               
              <td
                class="test-message"
              >
                <div>
                  

                  <p>
                    Test Test Message 1 1
                  </p>
                </div>
              </td>
            </tr>
            <tr>
              <td
                class="test-id"
              >
                <a
                  href="/tests/test-test-id-3-1"
                >
                  test-test-id-3-1
                </a>
              </td>
               
              <td
                class="test-component table-primary"
              >
                <a
                  href="/components/test-component-id-3"
                >
                  Test Component Name 3
                </a>
              </td>
               
              <td>
                <ul>
                  <li>
                    <a
                      class="team-name"
                      href="/teams/test-team-id-3-1"
                    >
                      test-team-id-3-1
                    </a>
                     
                    <!---->
                     
                    <!---->
                  </li>
                  <li>
                    <a
                      class="team-name"
                      href="/teams/test-team-id-3-2"
                    >
                      test-team-id-3-2
                    </a>
                     
                    <!---->
                     
                    <!---->
                  </li>
                </ul>
              </td>
               
              <td
                class="test-priority"
              >
                <span
                  class="badge badge-info"
                >
                  
          Medium
        
                </span>
              </td>
               
              <td
                class="test-outcome table-danger"
              >
                
        failing
      
              </td>
               
              <td
                class="test-message"
              >
                <div>
                  

                  <p>
                    Test Test Message 3 1
                  </p>
                </div>
              </td>
            </tr>
            <tr>
              <td
                class="test-id"
              >
                <a
                  href="/tests/test-test-id-1-2"
                >
                  test-test-id-1-2
                </a>
              </td>
               
              <td
                class="test-component table-primary"
              >
                <a
                  href="/components/test-component-id-1"
                >
                  Test Component Name 1
                </a>
              </td>
               
              <td>
                <ul>
                  <li>
                    <a
                      class="team-name"
                      href="/teams/test-team-id-1-1"
                    >
                      test-team-id-1-1
                    </a>
                     
                    <!---->
                     
                    <!---->
                  </li>
                  <li>
                    <a
                      class="team-name"
                      href="/teams/test-team-id-1-2"
                    >
                      test-team-id-1-2
                    </a>
                     
                    <!---->
                     
                    <!---->
                  </li>
                </ul>
              </td>
               
              <td
                class="test-priority"
              >
                <span
                  class="badge badge-warning"
                >
                  
          High
        
                </span>
              </td>
               
              <td
                class="test-outcome table-light"
              >
                
        not applicable
      
              </td>
               
              <td
                class="test-message"
              >
                <div>
                  

                  <p>
                    Test Test Message 1 2
                  </p>
                </div>
              </td>
            </tr>
            <tr>
              <td
                class="test-id"
              >
                <a
                  href="/tests/test-test-id-3-2"
                >
                  test-test-id-3-2
                </a>
              </td>
               
              <td
                class="test-component table-primary"
              >
                <a
                  href="/components/test-component-id-3"
                >
                  Test Component Name 3
                </a>
              </td>
               
              <td>
                <ul>
                  <li>
                    <a
                      class="team-name"
                      href="/teams/test-team-id-3-1"
                    >
                      test-team-id-3-1
                    </a>
                     
                    <!---->
                     
                    <!---->
                  </li>
                  <li>
                    <a
                      class="team-name"
                      href="/teams/test-team-id-3-2"
                    >
                      test-team-id-3-2
                    </a>
                     
                    <!---->
                     
                    <!---->
                  </li>
                </ul>
              </td>
               
              <td
                class="test-priority"
              >
                <span
                  class="badge badge-warning"
                >
                  
          High
        
                </span>
              </td>
               
              <td
                class="test-outcome table-light"
              >
                
        not applicable
      
              </td>
               
              <td
                class="test-message"
              >
                <div>
                  

                  <p>
                    Test Test Message 3 2
                  </p>
                </div>
              </td>
            </tr>
          </tbody>
        </table>
      </div>
      <!---->
      <!---->
    </div>
  </div>
</div>
`;

exports[`Index when Get Components service endpoint returns an empty array renders the page 1`] = `
<div
  class="m-3"
>
  <div
    class="my-3"
  >
    <a
      class="btn my-1 btn-secondary"
      href="/components"
      target="_self"
    >
       Components 
    </a>
     
    <a
      class="btn btn-secondary"
      href="/all-components/tests?testOutcome=fail"
      target="_self"
    >
       Tests 
    </a>
     
    <a
      class="btn my-1 btn-secondary"
      href="/all-components/cross-functional-requirements"
      target="_self"
    >
      
    Cross Functional Requirements
  
    </a>
     
    <a
      class="btn my-1 btn-secondary"
      href="/all-components/tech-debts"
      target="_self"
    >
      
    Tech Debts
  
    </a>
     
    <a
      class="btn my-1 btn-secondary"
      href="/all-components/key-software"
      target="_self"
    >
      
    Key Software
  
    </a>
     
    <a
      class="btn my-1 btn-secondary"
      href="/all-components/repos"
      target="_self"
    >
       Repos 
    </a>
     
    <a
      class="btn my-1 btn-secondary"
      href="/all-components/errors"
      target="_self"
    >
       Errors 
    </a>
  </div>
   
  <div>
    <div
      class="card my-3"
    >
      <!---->
      <!---->
      <div
        class="list-group"
      >
        <div
          class="list-group-item zero-count list-group-item-success"
        >
          <span
            class="display-1"
          >
            0
          </span>
           tests
      
        </div>
         
      </div>
      <!---->
      <!---->
    </div>
     
    <!---->
     
    <div
      class="card my-3"
    >
      <!---->
      <!---->
      <div
        class="card-body"
      >
        <h4
          class="card-title"
        >
          0 Test Results
        </h4>
        <!---->
        <!---->
      </div>
      <!---->
      <!---->
    </div>
  </div>
</div>
`;
