// Jest Snapshot v1, https://goo.gl/fbAQLP

exports[`Index renders an empty page 1`] = `<div />`;
