// Jest Snapshot v1, https://goo.gl/fbAQLP

exports[`Index when Get Test service endpoint returns a test and the Get Team service endpoint returns an team renders the page 1`] = `
<div
  class="m-3"
>
  <h1
    class="text-info my-3"
  >
    
    Test Team Name 1 Team - test-test-id-1 Test
  
  </h1>
   
  <div
    class="my-3"
  >
    <a
      class="btn my-1 btn-secondary"
      href="/teams/test-team-id-1"
      target="_self"
    >
       Info 
    </a>
     
    <a
      class="btn my-1 btn-secondary"
      href="/teams/test-team-id-1/dependencies"
      target="_self"
    >
      
    Visualizations
  
    </a>
     
    <a
      class="btn my-1 btn-secondary"
      href="/teams/test-team-id-1/components"
      target="_self"
    >
      
    Components
  
    </a>
     
    <a
      class="btn my-1 btn-secondary"
      href="/teams/test-team-id-1/cross-functional-requirements"
      target="_self"
    >
      
    Cross Functional Requirements
  
    </a>
     
    <a
      class="btn my-1 btn-secondary"
      href="/teams/test-team-id-1/tech-debts"
      target="_self"
    >
      
    Tech Debts
  
    </a>
     
    <a
      class="btn my-1 btn-secondary"
      href="/teams/test-team-id-1/tests"
      target="_self"
    >
       Tests 
    </a>
     
    <a
      class="btn my-1 btn-secondary"
      href="/teams/test-team-id-1/errors"
      target="_self"
    >
       Errors 
    </a>
  </div>
   
  <div>
    <div
      class="card my-3"
    >
      <!---->
      <!---->
      <div
        class="card-body"
      >
        <h4
          class="card-title"
        >
          Description
        </h4>
        <!---->
        <div>
          

          <p>
            Test Test Description 1
          </p>
        </div>
      </div>
      <!---->
      <!---->
    </div>
     
    <div
      class="card my-3"
    >
      <!---->
      <!---->
      <div
        class="card-body"
      >
        <h4
          class="card-title"
        >
          Notes
        </h4>
        <!---->
        <div>
          

          <p>
            Test Test Notes 1
          </p>
        </div>
      </div>
      <!---->
      <!---->
    </div>
     
    <div
      class="card my-3"
    >
      <!---->
      <!---->
      <div
        class="card-body"
      >
        <h4
          class="card-title"
        >
          Priority
        </h4>
        <!---->
        
    Medium
  
      </div>
      <!---->
      <!---->
    </div>
     
    <div>
      <div
        class="card my-3"
      >
        <!---->
        <!---->
        <div
          class="list-group"
        >
          <div
            class="list-group-item zero-count list-group-item-success"
          >
            <span
              class="display-1"
            >
              0
            </span>
             tests
      
          </div>
           
        </div>
        <!---->
        <!---->
      </div>
       
      <!---->
       
      <div
        class="card my-3"
      >
        <!---->
        <!---->
        <div
          class="card-body"
        >
          <h4
            class="card-title"
          >
            0 Test Results
          </h4>
          <!---->
          <!---->
        </div>
        <!---->
        <!---->
      </div>
    </div>
  </div>
</div>
`;

exports[`Index when Get Test service endpoint returns a test and the Get Team service endpoint returns an team when there are test results for the test renders the test results 1`] = `
<div
  class="m-3"
>
  <h1
    class="text-info my-3"
  >
    
    Test Team Name 1 Team - test-test-id-1 Test
  
  </h1>
   
  <div
    class="my-3"
  >
    <a
      class="btn my-1 btn-secondary"
      href="/teams/test-team-id-1"
      target="_self"
    >
       Info 
    </a>
     
    <a
      class="btn my-1 btn-secondary"
      href="/teams/test-team-id-1/dependencies"
      target="_self"
    >
      
    Visualizations
  
    </a>
     
    <a
      class="btn my-1 btn-secondary"
      href="/teams/test-team-id-1/components"
      target="_self"
    >
      
    Components
  
    </a>
     
    <a
      class="btn my-1 btn-secondary"
      href="/teams/test-team-id-1/cross-functional-requirements"
      target="_self"
    >
      
    Cross Functional Requirements
  
    </a>
     
    <a
      class="btn my-1 btn-secondary"
      href="/teams/test-team-id-1/tech-debts"
      target="_self"
    >
      
    Tech Debts
  
    </a>
     
    <a
      class="btn my-1 btn-secondary"
      href="/teams/test-team-id-1/tests"
      target="_self"
    >
       Tests 
    </a>
     
    <a
      class="btn my-1 btn-secondary"
      href="/teams/test-team-id-1/errors"
      target="_self"
    >
       Errors 
    </a>
  </div>
   
  <div>
    <div
      class="card my-3"
    >
      <!---->
      <!---->
      <div
        class="card-body"
      >
        <h4
          class="card-title"
        >
          Description
        </h4>
        <!---->
        <div>
          

          <p>
            Test Test Description 1
          </p>
        </div>
      </div>
      <!---->
      <!---->
    </div>
     
    <div
      class="card my-3"
    >
      <!---->
      <!---->
      <div
        class="card-body"
      >
        <h4
          class="card-title"
        >
          Notes
        </h4>
        <!---->
        <div>
          

          <p>
            Test Test Notes 1
          </p>
        </div>
      </div>
      <!---->
      <!---->
    </div>
     
    <div
      class="card my-3"
    >
      <!---->
      <!---->
      <div
        class="card-body"
      >
        <h4
          class="card-title"
        >
          Priority
        </h4>
        <!---->
        
    Medium
  
      </div>
      <!---->
      <!---->
    </div>
     
    <div>
      <div
        class="card my-3"
      >
        <!---->
        <!---->
        <div
          class="list-group"
        >
          <div
            class="list-group-item zero-count list-group-item-success"
          >
            <span
              class="display-1"
            >
              0
            </span>
             tests
      
          </div>
           
        </div>
        <!---->
        <!---->
      </div>
       
      <div
        class="mt-3 mb-4"
        components="[object Object],[object Object],[object Object]"
      >
         
        <button
          aria-controls="filters"
          aria-expanded="false"
          class="btn btn-primary collapsed"
          id="toggleFilters"
          type="button"
        >
          <svg
            aria-hidden="true"
            aria-label="blank"
            class="bi-blank b-icon bi"
            fill="currentColor"
            focusable="false"
            height="1em"
            role="img"
            viewBox="0 0 16 16"
            width="1em"
            xmlns="http://www.w3.org/2000/svg"
          >
            <g />
          </svg>
           Filters
  
        </button>
         
        <transition-stub
          class="mt-3"
          css="true"
          enteractiveclass="collapsing"
          enterclass=""
          entertoclass="collapse show"
          leaveactiveclass="collapsing"
          leaveclass="collapse show"
          leavetoclass="collapse"
        >
          <div
            class="collapse"
            id="filters"
            style="display: none;"
          >
            <div
              class="card-columns"
            >
               
              <!---->
               
              <!---->
               
              <div
                class="card bg-secondary"
              >
                <!---->
                <!---->
                <div
                  class="card-body"
                >
                  <!---->
                  <!---->
                  <fieldset
                    class="form-group"
                    id="__BVID__57"
                  >
                    <legend
                      class="bv-no-focus-ring col-form-label pt-0"
                      id="__BVID__57__BV_label_"
                      tabindex="-1"
                    >
                      Test Outcomes
                    </legend>
                    <div>
                      <div
                        class="bv-no-focus-ring"
                        id="__BVID__58"
                        role="group"
                        tabindex="-1"
                      >
                        <div
                          class="custom-control custom-checkbox"
                        >
                          <input
                            class="custom-control-input"
                            id="__BVID__58_BV_option_0"
                            name="testOutcome"
                            type="checkbox"
                            value="fail"
                          />
                          <label
                            class="custom-control-label"
                            for="__BVID__58_BV_option_0"
                          >
                            <span>
                              fail
                            </span>
                          </label>
                        </div>
                        <div
                          class="custom-control custom-checkbox"
                        >
                          <input
                            class="custom-control-input"
                            id="__BVID__58_BV_option_1"
                            name="testOutcome"
                            type="checkbox"
                            value="not-applicable"
                          />
                          <label
                            class="custom-control-label"
                            for="__BVID__58_BV_option_1"
                          >
                            <span>
                              not-applicable
                            </span>
                          </label>
                        </div>
                      </div>
                      <!---->
                      <!---->
                      <!---->
                    </div>
                  </fieldset>
                </div>
                <!---->
                <!---->
              </div>
               
              <div
                class="card bg-secondary"
              >
                <!---->
                <!---->
                <div
                  class="card-body"
                >
                  <!---->
                  <!---->
                  <fieldset
                    class="form-group"
                    id="__BVID__61"
                  >
                    <legend
                      class="bv-no-focus-ring col-form-label pt-0"
                      id="__BVID__61__BV_label_"
                      tabindex="-1"
                    >
                      Teams
                    </legend>
                    <div>
                      <div
                        class="bv-no-focus-ring"
                        id="__BVID__62"
                        role="group"
                        tabindex="-1"
                      >
                        <div
                          class="custom-control custom-checkbox"
                        >
                          <input
                            class="custom-control-input"
                            id="__BVID__62_BV_option_0"
                            name="team"
                            type="checkbox"
                            value="test-team-id-1-1"
                          />
                          <label
                            class="custom-control-label"
                            for="__BVID__62_BV_option_0"
                          >
                            <span>
                              test-team-id-1-1
                            </span>
                          </label>
                        </div>
                        <div
                          class="custom-control custom-checkbox"
                        >
                          <input
                            class="custom-control-input"
                            id="__BVID__62_BV_option_1"
                            name="team"
                            type="checkbox"
                            value="test-team-id-1-2"
                          />
                          <label
                            class="custom-control-label"
                            for="__BVID__62_BV_option_1"
                          >
                            <span>
                              test-team-id-1-2
                            </span>
                          </label>
                        </div>
                        <div
                          class="custom-control custom-checkbox"
                        >
                          <input
                            class="custom-control-input"
                            id="__BVID__62_BV_option_2"
                            name="team"
                            type="checkbox"
                            value="test-team-id-2-1"
                          />
                          <label
                            class="custom-control-label"
                            for="__BVID__62_BV_option_2"
                          >
                            <span>
                              test-team-id-2-1
                            </span>
                          </label>
                        </div>
                        <div
                          class="custom-control custom-checkbox"
                        >
                          <input
                            class="custom-control-input"
                            id="__BVID__62_BV_option_3"
                            name="team"
                            type="checkbox"
                            value="test-team-id-2-2"
                          />
                          <label
                            class="custom-control-label"
                            for="__BVID__62_BV_option_3"
                          >
                            <span>
                              test-team-id-2-2
                            </span>
                          </label>
                        </div>
                        <div
                          class="custom-control custom-checkbox"
                        >
                          <input
                            class="custom-control-input"
                            id="__BVID__62_BV_option_4"
                            name="team"
                            type="checkbox"
                            value="test-team-id-3-1"
                          />
                          <label
                            class="custom-control-label"
                            for="__BVID__62_BV_option_4"
                          >
                            <span>
                              test-team-id-3-1
                            </span>
                          </label>
                        </div>
                        <div
                          class="custom-control custom-checkbox"
                        >
                          <input
                            class="custom-control-input"
                            id="__BVID__62_BV_option_5"
                            name="team"
                            type="checkbox"
                            value="test-team-id-3-2"
                          />
                          <label
                            class="custom-control-label"
                            for="__BVID__62_BV_option_5"
                          >
                            <span>
                              test-team-id-3-2
                            </span>
                          </label>
                        </div>
                      </div>
                      <!---->
                      <!---->
                      <!---->
                    </div>
                  </fieldset>
                </div>
                <!---->
                <!---->
              </div>
               
              <div
                class="card bg-secondary"
              >
                <!---->
                <!---->
                <div
                  class="card-body"
                >
                  <!---->
                  <!---->
                  <fieldset
                    class="form-group"
                    id="__BVID__69"
                  >
                    <legend
                      class="bv-no-focus-ring col-form-label pt-0"
                      id="__BVID__69__BV_label_"
                      tabindex="-1"
                    >
                      Tags
                    </legend>
                    <div>
                      <div
                        class="bv-no-focus-ring"
                        id="__BVID__70"
                        role="group"
                        tabindex="-1"
                      >
                        <div
                          class="custom-control custom-checkbox"
                        >
                          <input
                            class="custom-control-input"
                            id="__BVID__70_BV_option_0"
                            name="tag"
                            type="checkbox"
                            value="test-tag-1-1"
                          />
                          <label
                            class="custom-control-label"
                            for="__BVID__70_BV_option_0"
                          >
                            <span>
                              test-tag-1-1
                            </span>
                          </label>
                        </div>
                        <div
                          class="custom-control custom-checkbox"
                        >
                          <input
                            class="custom-control-input"
                            id="__BVID__70_BV_option_1"
                            name="tag"
                            type="checkbox"
                            value="test-tag-1-2"
                          />
                          <label
                            class="custom-control-label"
                            for="__BVID__70_BV_option_1"
                          >
                            <span>
                              test-tag-1-2
                            </span>
                          </label>
                        </div>
                        <div
                          class="custom-control custom-checkbox"
                        >
                          <input
                            class="custom-control-input"
                            id="__BVID__70_BV_option_2"
                            name="tag"
                            type="checkbox"
                            value="test-tag-2-1"
                          />
                          <label
                            class="custom-control-label"
                            for="__BVID__70_BV_option_2"
                          >
                            <span>
                              test-tag-2-1
                            </span>
                          </label>
                        </div>
                        <div
                          class="custom-control custom-checkbox"
                        >
                          <input
                            class="custom-control-input"
                            id="__BVID__70_BV_option_3"
                            name="tag"
                            type="checkbox"
                            value="test-tag-2-2"
                          />
                          <label
                            class="custom-control-label"
                            for="__BVID__70_BV_option_3"
                          >
                            <span>
                              test-tag-2-2
                            </span>
                          </label>
                        </div>
                        <div
                          class="custom-control custom-checkbox"
                        >
                          <input
                            class="custom-control-input"
                            id="__BVID__70_BV_option_4"
                            name="tag"
                            type="checkbox"
                            value="test-tag-3-1"
                          />
                          <label
                            class="custom-control-label"
                            for="__BVID__70_BV_option_4"
                          >
                            <span>
                              test-tag-3-1
                            </span>
                          </label>
                        </div>
                        <div
                          class="custom-control custom-checkbox"
                        >
                          <input
                            class="custom-control-input"
                            id="__BVID__70_BV_option_5"
                            name="tag"
                            type="checkbox"
                            value="test-tag-3-2"
                          />
                          <label
                            class="custom-control-label"
                            for="__BVID__70_BV_option_5"
                          >
                            <span>
                              test-tag-3-2
                            </span>
                          </label>
                        </div>
                      </div>
                      <!---->
                      <!---->
                      <!---->
                    </div>
                  </fieldset>
                </div>
                <!---->
                <!---->
              </div>
               
              <div
                class="card bg-secondary"
              >
                <!---->
                <!---->
                <div
                  class="card-body"
                >
                  <!---->
                  <!---->
                  <fieldset
                    class="form-group"
                    id="__BVID__77"
                  >
                    <legend
                      class="bv-no-focus-ring col-form-label pt-0"
                      id="__BVID__77__BV_label_"
                      tabindex="-1"
                    >
                      Component Types
                    </legend>
                    <div>
                      <div
                        class="bv-no-focus-ring"
                        id="__BVID__78"
                        role="group"
                        tabindex="-1"
                      >
                        <div
                          class="custom-control custom-checkbox"
                        >
                          <input
                            class="custom-control-input"
                            id="__BVID__78_BV_option_0"
                            name="componentTypeId"
                            type="checkbox"
                            value="test-component-type-id-1"
                          />
                          <label
                            class="custom-control-label"
                            for="__BVID__78_BV_option_0"
                          >
                            <span>
                              test-component-type-id-1
                            </span>
                          </label>
                        </div>
                        <div
                          class="custom-control custom-checkbox"
                        >
                          <input
                            class="custom-control-input"
                            id="__BVID__78_BV_option_1"
                            name="componentTypeId"
                            type="checkbox"
                            value="test-component-type-id-2"
                          />
                          <label
                            class="custom-control-label"
                            for="__BVID__78_BV_option_1"
                          >
                            <span>
                              test-component-type-id-2
                            </span>
                          </label>
                        </div>
                        <div
                          class="custom-control custom-checkbox"
                        >
                          <input
                            class="custom-control-input"
                            id="__BVID__78_BV_option_2"
                            name="componentTypeId"
                            type="checkbox"
                            value="test-component-type-id-3"
                          />
                          <label
                            class="custom-control-label"
                            for="__BVID__78_BV_option_2"
                          >
                            <span>
                              test-component-type-id-3
                            </span>
                          </label>
                        </div>
                      </div>
                      <!---->
                      <!---->
                      <!---->
                    </div>
                  </fieldset>
                </div>
                <!---->
                <!---->
              </div>
               
              <div
                class="card bg-secondary"
              >
                <!---->
                <!---->
                <div
                  class="card-body"
                >
                  <!---->
                  <!---->
                  <fieldset
                    class="form-group"
                    id="__BVID__82"
                  >
                    <legend
                      class="bv-no-focus-ring col-form-label pt-0"
                      id="__BVID__82__BV_label_"
                      tabindex="-1"
                    >
                      Platforms
                    </legend>
                    <div>
                      <div
                        class="bv-no-focus-ring"
                        id="__BVID__83"
                        role="group"
                        tabindex="-1"
                      >
                        <div
                          class="custom-control custom-checkbox"
                        >
                          <input
                            class="custom-control-input"
                            id="__BVID__83_BV_option_0"
                            name="platformId"
                            type="checkbox"
                            value="undefined"
                          />
                          <label
                            class="custom-control-label"
                            for="__BVID__83_BV_option_0"
                          >
                            <span>
                              undefined
                            </span>
                          </label>
                        </div>
                      </div>
                      <!---->
                      <!---->
                      <!---->
                    </div>
                  </fieldset>
                </div>
                <!---->
                <!---->
              </div>
               
              <div
                class="card bg-secondary"
              >
                <!---->
                <!---->
                <div
                  class="card-body"
                >
                  <!---->
                  <!---->
                  <div
                    class="form-group"
                    id="__BVID__85"
                    role="group"
                  >
                    <label
                      class="d-block"
                      for="component-filter"
                      id="__BVID__85__BV_label_"
                    >
                      Component
                    </label>
                    <div>
                      <select
                        class="custom-select custom-select-sm"
                        id="component-filter"
                      >
                        <option
                          value=""
                        >
                          Please select a component
                        </option>
                        <option
                          value="test-component-id-1"
                        >
                          test-component-id-1
                        </option>
                        <option
                          value="test-component-id-2"
                        >
                          test-component-id-2
                        </option>
                        <option
                          value="test-component-id-3"
                        >
                          test-component-id-3
                        </option>
                      </select>
                      <!---->
                      <!---->
                      <!---->
                    </div>
                  </div>
                </div>
                <!---->
                <!---->
              </div>
            </div>
          </div>
        </transition-stub>
      </div>
       
      <div
        class="card my-3"
      >
        <!---->
        <!---->
        <div
          class="card-body"
        >
          <h4
            class="card-title"
          >
            0 Test Results
          </h4>
          <!---->
          <!---->
        </div>
        <!---->
        <!---->
      </div>
    </div>
  </div>
</div>
`;
