// Jest Snapshot v1, https://goo.gl/fbAQLP

exports[`AllScannersTabs renders the component 1`] = `"<div class=\\"my-3\\"><a href=\\"#\\" target=\\"_self\\" class=\\"btn my-1 btn-secondary\\">Scanners</a></div>"`;
