// Jest Snapshot v1, https://goo.gl/fbAQLP

exports[`AreaTabs renders the component 1`] = `
"<div class=\\"my-3\\"><a href=\\"/areas/test-area-id\\" target=\\"_self\\" class=\\"btn my-1 btn-secondary\\"> Info </a> <a href=\\"/areas/test-area-id/dependencies\\" target=\\"_self\\" class=\\"btn my-1 btn-secondary\\">
    Visualizations
  </a> <a href=\\"/areas/test-area-id/components\\" target=\\"_self\\" class=\\"btn my-1 btn-secondary\\">
    Components
  </a> <a href=\\"/areas/test-area-id/cross-functional-requirements\\" target=\\"_self\\" class=\\"btn my-1 btn-secondary\\">
    Cross Functional Requirements
  </a> <a href=\\"/areas/test-area-id/tech-debts\\" target=\\"_self\\" class=\\"btn my-1 btn-secondary\\">
    Tech Debts
  </a> <a href=\\"/areas/test-area-id/tests\\" target=\\"_self\\" class=\\"btn my-1 btn-secondary\\"> Tests </a> <a href=\\"/areas/test-area-id/errors\\" target=\\"_self\\" class=\\"btn my-1 btn-secondary\\"> Errors </a> <a href=\\"/areas/test-area-id/openapi-specs\\" target=\\"_self\\" class=\\"btn my-1 btn-secondary\\">
    OpenAPI Specs
  </a></div>"
`;
