// Jest Snapshot v1, https://goo.gl/fbAQLP

exports[`ComponentDependenciesView when components prop is set to an empty array renders no dependencies 1`] = `
"<div>
  <transition-stub name=\\"\\" css=\\"true\\" enterclass=\\"\\" leaveclass=\\"show\\" entertoclass=\\"show\\" leavetoclass=\\"\\" enteractiveclass=\\"\\" leaveactiveclass=\\"\\">
    <div role=\\"alert\\" aria-live=\\"polite\\" aria-atomic=\\"true\\" class=\\"alert alert-dismissible alert-info\\"><button type=\\"button\\" aria-label=\\"Close\\" class=\\"close\\">Ã—</button>
      Click a dot in the dependencies diagram to see more information about that
      component
    </div>
  </transition-stub>
  <!---->
  <div class=\\"graph\\"><svg xmlns=\\"http://www.w3.org/2000/svg\\" overflow=\\"auto\\" width=\\"100%\\" height=\\"1200\\" id=\\"component-dependency-graph\\">
      <rect fill-opacity=\\"0\\" class=\\"component-dependency-graph-background\\"></rect>
      <defs>
        <marker id=\\"component-dependency-graph-dependency-marker-all\\" orient=\\"auto-start-reverse\\" viewBox=\\"0 0 7.1 11.5\\" markerWidth=\\"7.1\\" markerHeight=\\"11.5\\" markerUnits=\\"userSpaceOnUse\\" refX=\\"20\\" refY=\\"5.75\\" class=\\"dependency-marker all-dependency-marker\\">
          <path d=\\"M1 11.5L0 10.4L5.1 5.7L0 1L1 0L7.1 5.7L1 11.5\\"></path>
        </marker>
        <marker id=\\"component-dependency-graph-dependency-marker-manual\\" orient=\\"auto-start-reverse\\" viewBox=\\"0 0 7.1 11.5\\" markerWidth=\\"7.1\\" markerHeight=\\"11.5\\" markerUnits=\\"userSpaceOnUse\\" refX=\\"20\\" refY=\\"5.75\\" class=\\"dependency-marker manual-dependency-marker\\">
          <path d=\\"M1 11.5L0 10.4L5.1 5.7L0 1L1 0L7.1 5.7L1 11.5\\"></path>
        </marker>
        <marker id=\\"component-dependency-graph-dependency-marker-scope-related\\" orient=\\"auto-start-reverse\\" viewBox=\\"0 0 7.1 11.5\\" markerWidth=\\"7.1\\" markerHeight=\\"11.5\\" markerUnits=\\"userSpaceOnUse\\" refX=\\"20\\" refY=\\"5.75\\" class=\\"dependency-marker scope-related-dependency-marker\\">
          <path d=\\"M1 11.5L0 10.4L5.1 5.7L0 1L1 0L7.1 5.7L1 11.5\\"></path>
        </marker>
        <marker id=\\"component-dependency-graph-dependency-marker-scoped\\" orient=\\"auto-start-reverse\\" viewBox=\\"0 0 7.1 11.5\\" markerWidth=\\"7.1\\" markerHeight=\\"11.5\\" markerUnits=\\"userSpaceOnUse\\" refX=\\"20\\" refY=\\"5.75\\" class=\\"dependency-marker scoped-dependency-marker\\">
          <path d=\\"M1 11.5L0 10.4L5.1 5.7L0 1L1 0L7.1 5.7L1 11.5\\"></path>
        </marker>
        <marker id=\\"component-dependency-graph-dependency-marker-related\\" orient=\\"auto-start-reverse\\" viewBox=\\"0 0 7.1 11.5\\" markerWidth=\\"7.1\\" markerHeight=\\"11.5\\" markerUnits=\\"userSpaceOnUse\\" refX=\\"20\\" refY=\\"5.75\\" class=\\"dependency-marker related-dependency-marker\\">
          <path d=\\"M1 11.5L0 10.4L5.1 5.7L0 1L1 0L7.1 5.7L1 11.5\\"></path>
        </marker>
        <marker id=\\"component-dependency-graph-dependency-marker-direct\\" orient=\\"auto-start-reverse\\" viewBox=\\"0 0 7.1 11.5\\" markerWidth=\\"7.1\\" markerHeight=\\"11.5\\" markerUnits=\\"userSpaceOnUse\\" refX=\\"20\\" refY=\\"5.75\\" class=\\"dependency-marker direct-dependency-marker\\">
          <path d=\\"M1 11.5L0 10.4L5.1 5.7L0 1L1 0L7.1 5.7L1 11.5\\"></path>
        </marker>
        <marker id=\\"component-dependency-graph-dependency-marker-selected\\" orient=\\"auto-start-reverse\\" viewBox=\\"0 0 7.1 11.5\\" markerWidth=\\"7.1\\" markerHeight=\\"11.5\\" markerUnits=\\"userSpaceOnUse\\" refX=\\"20\\" refY=\\"5.75\\" class=\\"dependency-marker selected-dependency-marker\\">
          <path d=\\"M1 11.5L0 10.4L5.1 5.7L0 1L1 0L7.1 5.7L1 11.5\\"></path>
        </marker>
      </defs>
      <g></g>
      <g></g>
      <g></g>
      <g></g>
      <g></g>
      <g></g>
      <g></g>
      <g></g>
      <g></g>
      <g></g>
      <g></g>
      <g></g>
      <g></g>
      <g></g>
      <g></g>
      <g></g>
      <g></g>
      <g></g>
      <g></g>
      <g></g>
      <g></g>
    </svg></div>
  <div tabindex=\\"-1\\" class=\\"b-sidebar-outer\\">
    <!---->
    <transition-stub css=\\"true\\" enterclass=\\"\\" leaveclass=\\"show\\" entertoclass=\\"show\\" leavetoclass=\\"\\" enteractiveclass=\\"slide\\" leaveactiveclass=\\"slide\\">
      <div id=\\"component\\" tabindex=\\"-1\\" role=\\"dialog\\" aria-modal=\\"true\\" aria-hidden=\\"true\\" class=\\"b-sidebar b-sidebar-right bg-dark text-light\\" style=\\"width: 600px; display: none;\\">
        <header class=\\"b-sidebar-header\\"><button type=\\"button\\" aria-label=\\"Close\\" class=\\"close text-light\\"><svg viewBox=\\"0 0 16 16\\" width=\\"1em\\" height=\\"1em\\" focusable=\\"false\\" role=\\"img\\" aria-label=\\"x\\" xmlns=\\"http://www.w3.org/2000/svg\\" fill=\\"currentColor\\" class=\\"bi-x b-icon bi\\">
              <g>
                <path d=\\"M4.646 4.646a.5.5 0 0 1 .708 0L8 7.293l2.646-2.647a.5.5 0 0 1 .708.708L8.707 8l2.647 2.646a.5.5 0 0 1-.708.708L8 8.707l-2.646 2.647a.5.5 0 0 1-.708-.708L7.293 8 4.646 5.354a.5.5 0 0 1 0-.708z\\"></path>
              </g>
            </svg></button><span></span></header>
        <div class=\\"b-sidebar-body\\">
          <div class=\\"m-3\\">
            <!---->
          </div>
        </div>
        <!---->
      </div>
    </transition-stub>
    <!---->
    <transition-stub name=\\"\\" css=\\"true\\" enterclass=\\"\\" leaveclass=\\"show\\" entertoclass=\\"show\\" leavetoclass=\\"\\" enteractiveclass=\\"fade\\" leaveactiveclass=\\"fade\\">
      <div class=\\"b-sidebar-backdrop bg-dark\\" style=\\"display: none;\\"></div>
    </transition-stub>
  </div>
</div>"
`;
