// Jest Snapshot v1, https://goo.gl/fbAQLP

exports[`ComponentTechDebtTable when componentsAndTechDebts is set to multiple components with multiple tech debts renders the components and their tech debts 1`] = `
"<table class=\\"table table-dark table-bordered table-striped mt-2\\" style=\\"width: 100%;\\">
  <thead>
    <tr>
      <th>Name</th>
      <th>Tech Debts</th>
    </tr>
  </thead>
  <tbody>
    <tr>
      <td class=\\"component-name table-primary\\"><a href=\\"/components/test-id-1\\">Test Name 1</a></td>
      <td>
        <ul>
          <li><span><span class=\\"badge badge-success\\">Missing Priority</span></span>
            <div>
              <p>Test Description 1a</p>
            </div>
            <div></div>
            <!---->
          </li>
          <li><span><span class=\\"badge badge-success\\">Missing Priority</span></span>
            <div>
              <p>Test Description 1b</p>
            </div>
            <div></div>
            <!---->
          </li>
        </ul>
      </td>
    </tr>
    <tr>
      <td class=\\"component-name table-primary\\"><a href=\\"/components/test-id-2\\">Test Name 2</a></td>
      <td>
        <ul>
          <li><span><span class=\\"badge badge-success\\">Missing Priority</span></span>
            <div>
              <p>Test Description 2a</p>
            </div>
            <div></div>
            <!---->
          </li>
          <li><span><span class=\\"badge badge-success\\">Missing Priority</span></span>
            <div>
              <p>Test Description 2b</p>
            </div>
            <div></div>
            <!---->
          </li>
        </ul>
      </td>
    </tr>
  </tbody>
</table>"
`;
