// Jest Snapshot v1, https://goo.gl/fbAQLP

exports[`TestView when components is set to multiple components with multiple test results renders the details of the test and the test results of the components and only shows test results for this test 1`] = `
"<div>
  <div class=\\"card my-3\\">
    <!---->
    <!---->
    <div class=\\"card-body\\">
      <h4 class=\\"card-title\\">Description</h4>
      <!---->
      <div>
        <p>Test Test Description 1</p>
      </div>
    </div>
    <!---->
    <!---->
  </div>
  <div class=\\"card my-3\\">
    <!---->
    <!---->
    <div class=\\"card-body\\">
      <h4 class=\\"card-title\\">Notes</h4>
      <!---->
      <div>
        <p>Test Test Notes 1</p>
      </div>
    </div>
    <!---->
    <!---->
  </div>
  <div class=\\"card my-3\\">
    <!---->
    <!---->
    <div class=\\"card-body\\">
      <h4 class=\\"card-title\\">Priority</h4>
      <!---->
      Very High
    </div>
    <!---->
    <!---->
  </div>
  <div>
    <div class=\\"card my-3\\">
      <!---->
      <!---->
      <div class=\\"list-group\\">
        <!---->
        <div class=\\"list-group-item list-group-item-danger fail-count\\"><span class=\\"display-1\\">
          3
        </span> <b>failing</b> tests
        </div>
      </div>
      <!---->
      <!---->
    </div>
    <div class=\\"mt-3 mb-4\\" components=\\"[object Object],[object Object],[object Object]\\"> <button id=\\"toggleFilters\\" type=\\"button\\" class=\\"btn btn-primary collapsed\\" aria-expanded=\\"false\\" aria-controls=\\"filters\\"><svg viewBox=\\"0 0 16 16\\" width=\\"1em\\" height=\\"1em\\" focusable=\\"false\\" role=\\"img\\" aria-label=\\"blank\\" aria-hidden=\\"true\\" xmlns=\\"http://www.w3.org/2000/svg\\" fill=\\"currentColor\\" class=\\"bi-blank b-icon bi\\">
          <g></g>
        </svg> Filters
      </button>
      <transition-stub css=\\"true\\" enterclass=\\"\\" leaveclass=\\"collapse show\\" entertoclass=\\"collapse show\\" leavetoclass=\\"collapse\\" enteractiveclass=\\"collapsing\\" leaveactiveclass=\\"collapsing\\" class=\\"mt-3\\">
        <div id=\\"filters\\" class=\\"collapse\\" style=\\"display: none;\\">
          <div class=\\"card-columns\\">
            <!---->
            <!---->
            <div class=\\"card bg-secondary\\">
              <!---->
              <!---->
              <div class=\\"card-body\\">
                <!---->
                <!---->
                <fieldset class=\\"form-group\\" id=\\"__BVID__12\\">
                  <legend tabindex=\\"-1\\" class=\\"bv-no-focus-ring col-form-label pt-0\\" id=\\"__BVID__12__BV_label_\\">Test Outcomes</legend>
                  <div>
                    <div role=\\"group\\" tabindex=\\"-1\\" class=\\"bv-no-focus-ring\\" id=\\"__BVID__13\\">
                      <div class=\\"custom-control custom-checkbox\\"><input type=\\"checkbox\\" name=\\"testOutcome\\" class=\\"custom-control-input\\" value=\\"fail\\" id=\\"__BVID__13_BV_option_0\\"><label class=\\"custom-control-label\\" for=\\"__BVID__13_BV_option_0\\"><span>fail</span></label></div>
                      <div class=\\"custom-control custom-checkbox\\"><input type=\\"checkbox\\" name=\\"testOutcome\\" class=\\"custom-control-input\\" value=\\"success\\" id=\\"__BVID__13_BV_option_1\\"><label class=\\"custom-control-label\\" for=\\"__BVID__13_BV_option_1\\"><span>success</span></label></div>
                    </div>
                    <!---->
                    <!---->
                    <!---->
                  </div>
                </fieldset>
              </div>
              <!---->
              <!---->
            </div>
            <!---->
            <!---->
            <div class=\\"card bg-secondary\\">
              <!---->
              <!---->
              <div class=\\"card-body\\">
                <!---->
                <!---->
                <fieldset class=\\"form-group\\" id=\\"__BVID__16\\">
                  <legend tabindex=\\"-1\\" class=\\"bv-no-focus-ring col-form-label pt-0\\" id=\\"__BVID__16__BV_label_\\">Component Types</legend>
                  <div>
                    <div role=\\"group\\" tabindex=\\"-1\\" class=\\"bv-no-focus-ring\\" id=\\"__BVID__17\\">
                      <div class=\\"custom-control custom-checkbox\\"><input type=\\"checkbox\\" name=\\"componentTypeId\\" class=\\"custom-control-input\\" value=\\"\\" id=\\"__BVID__17_BV_option_0\\"><label class=\\"custom-control-label\\" for=\\"__BVID__17_BV_option_0\\"><span>null</span></label></div>
                    </div>
                    <!---->
                    <!---->
                    <!---->
                  </div>
                </fieldset>
              </div>
              <!---->
              <!---->
            </div>
            <div class=\\"card bg-secondary\\">
              <!---->
              <!---->
              <div class=\\"card-body\\">
                <!---->
                <!---->
                <fieldset class=\\"form-group\\" id=\\"__BVID__19\\">
                  <legend tabindex=\\"-1\\" class=\\"bv-no-focus-ring col-form-label pt-0\\" id=\\"__BVID__19__BV_label_\\">Platforms</legend>
                  <div>
                    <div role=\\"group\\" tabindex=\\"-1\\" class=\\"bv-no-focus-ring\\" id=\\"__BVID__20\\">
                      <div class=\\"custom-control custom-checkbox\\"><input type=\\"checkbox\\" name=\\"platformId\\" class=\\"custom-control-input\\" value=\\"undefined\\" id=\\"__BVID__20_BV_option_0\\"><label class=\\"custom-control-label\\" for=\\"__BVID__20_BV_option_0\\"><span>undefined</span></label></div>
                    </div>
                    <!---->
                    <!---->
                    <!---->
                  </div>
                </fieldset>
              </div>
              <!---->
              <!---->
            </div>
            <div class=\\"card bg-secondary\\">
              <!---->
              <!---->
              <div class=\\"card-body\\">
                <!---->
                <!---->
                <div role=\\"group\\" class=\\"form-group\\" id=\\"__BVID__22\\"><label for=\\"component-filter\\" class=\\"d-block\\" id=\\"__BVID__22__BV_label_\\">Component</label>
                  <div><select id=\\"component-filter\\" class=\\"custom-select custom-select-sm\\">
                      <option value=\\"\\">Please select a component</option>
                      <option value=\\"test-component-id-1\\">test-component-id-1</option>
                      <option value=\\"test-component-id-2\\">test-component-id-2</option>
                      <option value=\\"test-component-id-3\\">test-component-id-3</option>
                    </select>
                    <!---->
                    <!---->
                    <!---->
                  </div>
                </div>
              </div>
              <!---->
              <!---->
            </div>
          </div>
        </div>
      </transition-stub>
    </div>
    <div class=\\"card my-3\\">
      <!---->
      <!---->
      <div class=\\"card-body\\">
        <h4 class=\\"card-title\\">3 Test Results</h4>
        <!---->
        <table class=\\"table table-dark\\">
          <thead>
            <tr>
              <th>Component</th>
              <th>Test</th>
              <th>Teams</th>
              <th>Priority</th>
              <th>Outcome</th>
              <th>Message</th>
            </tr>
          </thead>
          <tbody>
            <tr>
              <td class=\\"test-id\\"><a href=\\"/tests/test-test-id-1\\">test-test-id-1</a></td>
              <td class=\\"test-component table-primary\\"><a href=\\"/components/test-component-id-1\\">Test Component Name 1</a></td>
              <td>
                <!---->
              </td>
              <td class=\\"test-priority\\"><span class=\\"badge badge-danger\\">
          Very High
        </span></td>
              <td class=\\"test-outcome table-danger\\">
                failing
              </td>
              <td class=\\"test-message\\">
                <div>
                  <p>Test Message 1a</p>
                </div>
              </td>
            </tr>
            <tr>
              <td class=\\"test-id\\"><a href=\\"/tests/test-test-id-1\\">test-test-id-1</a></td>
              <td class=\\"test-component table-primary\\"><a href=\\"/components/test-component-id-2\\">Test Component Name 2</a></td>
              <td>
                <!---->
              </td>
              <td class=\\"test-priority\\"><span class=\\"badge badge-danger\\">
          Very High
        </span></td>
              <td class=\\"test-outcome table-danger\\">
                failing
              </td>
              <td class=\\"test-message\\">
                <div>
                  <p>Test Message 2a</p>
                </div>
              </td>
            </tr>
            <tr>
              <td class=\\"test-id\\"><a href=\\"/tests/test-test-id-1\\">test-test-id-1</a></td>
              <td class=\\"test-component table-primary\\"><a href=\\"/components/test-component-id-3\\">Test Component Name 3</a></td>
              <td>
                <!---->
              </td>
              <td class=\\"test-priority\\"><span class=\\"badge badge-danger\\">
          Very High
        </span></td>
              <td class=\\"test-outcome table-danger\\">
                failing
              </td>
              <td class=\\"test-message\\">
                <div>
                  <p>Test Message 3a</p>
                </div>
              </td>
            </tr>
          </tbody>
        </table>
      </div>
      <!---->
      <!---->
    </div>
  </div>
</div>"
`;
